Bandit Level 25 → Level 26
Level Goal

Logging in to bandit26 from bandit25 should be fairly easy… The shell for user bandit26 is not /bin/bash, but something else. Find out what it is, how it works and how to break out of it.
Commands you may need to solve this level

ssh, cat, more, vi, ls, id, pwd

bandit25@bandit:~$ ls
bandit26.sshkey
bandit25@bandit:~$ ssh bandit26@localhost -i bandit26.sshkey 
Could not create directory '/home/bandit25/.ssh'.
The authenticity of host 'localhost (127.0.0.1)' can't be established.
ECDSA key fingerprint is SHA256:98UL0ZWr85496EtCRkKlo20X3OPnyPSB5tB5RPbhczc.
Are you sure you want to continue connecting (yes/no)? yes
Failed to add the host to the list of known hosts (/home/bandit25/.ssh/known_hosts).
This is a OverTheWire game server. More information on http://www.overthewire.org/wargames

Linux bandit.otw.local 5.4.8 x86_64 GNU/Linux

      ,----..            ,----,          .---.
     /   /   \         ,/   .`|         /. ./|
    /   .     :      ,`   .'  :     .--'.  ' ;
   .   /   ;.  \   ;    ;     /    /__./ \ : |
  .   ;   /  ` ; .'___,/    ,' .--'.  '   \' .
  ;   |  ; \ ; | |    :     | /___/ \ |    ' '
  |   :  | ; | ' ;    |.';  ; ;   \  \;      :
  .   |  ' ' ' : `----'  |  |  \   ;  `      |
  '   ;  \; /  |     '   :  ;   .   \    .\  ;
   \   \  ',  /      |   |  '    \   \   ' \ |
    ;   :    /       '   :  |     :   '  |--"
     \   \ .'        ;   |.'       \   \ ;
  www. `---` ver     '---' he       '---" ire.org


Welcome to OverTheWire!

If you find any problems, please report them to Steven or morla on
irc.overthewire.org.

--[ Playing the games ]--

  This machine might hold several wargames.
  If you are playing "somegame", then:

    * USERNAMES are somegame0, somegame1, ...
    * Most LEVELS are stored in /somegame/.
    * PASSWORDS for each level are stored in /etc/somegame_pass/.

  Write-access to homedirectories is disabled. It is advised to create a
  working directory with a hard-to-guess name in /tmp/.  You can use the
  command "mktemp -d" in order to generate a random and hard to guess
  directory in /tmp/.  Read-access to both /tmp/ and /proc/ is disabled
  so that users can not snoop on eachother. Files and directories with
  easily guessable or short names will be periodically deleted!

  Please play nice:

    * don't leave orphan processes running
    * don't leave exploit-files laying around
    * don't annoy other players
    * don't post passwords or spoilers
    * again, DONT POST SPOILERS!
      This includes writeups of your solution on your blog or website!

--[ Tips ]--

  This machine has a 64bit processor and many security-features enabled
  by default, although ASLR has been switched off.  The following
  compiler flags might be interesting:

    -m32                    compile for 32bit
    -fno-stack-protector    disable ProPolice
    -Wl,-z,norelro          disable relro

  In addition, the execstack tool can be used to flag the stack as
  executable on ELF binaries.

  Finally, network-access is limited for most levels by a local
  firewall.

--[ Tools ]--

 For your convenience we have installed a few usefull tools which you can find
 in the following locations:

    * gef (https://github.com/hugsy/gef) in /usr/local/gef/
    * pwndbg (https://github.com/pwndbg/pwndbg) in /usr/local/pwndbg/
    * peda (https://github.com/longld/peda.git) in /usr/local/peda/
    * gdbinit (https://github.com/gdbinit/Gdbinit) in /usr/local/gdbinit/
    * pwntools (https://github.com/Gallopsled/pwntools)
    * radare2 (http://www.radare.org/)
    * checksec.sh (http://www.trapkit.de/tools/checksec.html) in /usr/local/bin/checksec.sh

--[ More information ]--

  For more information regarding individual wargames, visit
  http://www.overthewire.org/wargames/

  For support, questions or comments, contact us through IRC on
  irc.overthewire.org #wargames.

  Enjoy your stay!

  _                     _ _ _   ___   __  
 | |                   | (_) | |__ \ / /  
 | |__   __ _ _ __   __| |_| |_   ) / /_  
 | '_ \ / _` | '_ \ / _` | | __| / / '_ \ 
 | |_) | (_| | | | | (_| | | |_ / /| (_) |
 |_.__/ \__,_|_| |_|\__,_|_|\__|____\___/ 
Connection to localhost closed.
bandit25@bandit:~$ cat /etc/passwd
root:x:0:0:root:/root:/bin/bash
daemon:x:1:1:daemon:/usr/sbin:/usr/sbin/nologin
bin:x:2:2:bin:/bin:/usr/sbin/nologin
sys:x:3:3:sys:/dev:/usr/sbin/nologin
sync:x:4:65534:sync:/bin:/bin/sync
games:x:5:60:games:/usr/games:/usr/sbin/nologin
man:x:6:12:man:/var/cache/man:/usr/sbin/nologin
lp:x:7:7:lp:/var/spool/lpd:/usr/sbin/nologin
mail:x:8:8:mail:/var/mail:/usr/sbin/nologin
news:x:9:9:news:/var/spool/news:/usr/sbin/nologin
uucp:x:10:10:uucp:/var/spool/uucp:/usr/sbin/nologin
proxy:x:13:13:proxy:/bin:/usr/sbin/nologin
www-data:x:33:33:www-data:/var/www:/usr/sbin/nologin
backup:x:34:34:backup:/var/backups:/usr/sbin/nologin
list:x:38:38:Mailing List Manager:/var/list:/usr/sbin/nologin
irc:x:39:39:ircd:/var/run/ircd:/usr/sbin/nologin
gnats:x:41:41:Gnats Bug-Reporting System (admin):/var/lib/gnats:/usr/sbin/nologin
nobody:x:65534:65534:nobody:/nonexistent:/usr/sbin/nologin
_apt:x:100:65534::/nonexistent:/bin/false
messagebus:x:101:104::/var/run/dbus:/bin/false
sshd:x:102:65534::/run/sshd:/usr/sbin/nologin
identd:x:103:65534::/var/run/identd:/bin/false
ntp:x:104:107::/home/ntp:/bin/false
bandit0:x:11000:11000:bandit level 0:/home/bandit0:/bin/bash
bandit1:x:11001:11001:bandit level 1:/home/bandit1:/bin/bash
bandit10:x:11010:11010:bandit level 10:/home/bandit10:/bin/bash
bandit11:x:11011:11011:bandit level 11:/home/bandit11:/bin/bash
bandit12:x:11012:11012:bandit level 12:/home/bandit12:/bin/bash
bandit13:x:11013:11013:bandit level 13:/home/bandit13:/bin/bash
bandit14:x:11014:11014:bandit level 14:/home/bandit14:/bin/bash
bandit15:x:11015:11015:bandit level 15:/home/bandit15:/bin/bash
bandit16:x:11016:11016:bandit level 16:/home/bandit16:/bin/bash
bandit17:x:11017:11017:bandit level 17:/home/bandit17:/bin/bash
bandit18:x:11018:11018:bandit level 18:/home/bandit18:/bin/bash
bandit19:x:11019:11019:bandit level 19:/home/bandit19:/bin/bash
bandit2:x:11002:11002:bandit level 2:/home/bandit2:/bin/bash
bandit20:x:11020:11020:bandit level 20:/home/bandit20:/bin/bash
bandit21:x:11021:11021:bandit level 21:/home/bandit21:/bin/bash
bandit22:x:11022:11022:bandit level 22:/home/bandit22:/bin/bash
bandit23:x:11023:11023:bandit level 23:/home/bandit23:/bin/bash
bandit24:x:11024:11024:bandit level 24:/home/bandit24:/bin/bash
bandit25:x:11025:11025:bandit level 25:/home/bandit25:/bin/bash
bandit26:x:11026:11026:bandit level 26:/home/bandit26:/usr/bin/showtext
bandit27:x:11027:11027:bandit level 27:/home/bandit27:/bin/bash
bandit28:x:11028:11028:bandit level 28:/home/bandit28:/bin/bash
bandit29:x:11029:11029:bandit level 29:/home/bandit29:/bin/bash
bandit3:x:11003:11003:bandit level 3:/home/bandit3:/bin/bash
bandit30:x:11030:11030:bandit level 30:/home/bandit30:/bin/bash
bandit31:x:11031:11031:bandit level 31:/home/bandit31:/bin/bash
bandit32:x:11032:11032:bandit level 32:/home/bandit32:/home/bandit32/uppershell
bandit33:x:11033:11033:bandit level 33:/home/bandit33:/bin/bash
bandit4:x:11004:11004:bandit level 4:/home/bandit4:/bin/bash
bandit5:x:11005:11005:bandit level 5:/home/bandit5:/bin/bash
bandit6:x:11006:11006:bandit level 6:/home/bandit6:/bin/bash
bandit7:x:11007:11007:bandit level 7:/home/bandit7:/bin/bash
bandit8:x:11008:11008:bandit level 8:/home/bandit8:/bin/bash
bandit9:x:11009:11009:bandit level 9:/home/bandit9:/bin/bash
bandit27-git:x:11527:11527::/home/bandit27-git:/usr/bin/git-shell
bandit28-git:x:11528:11528::/home/bandit28-git:/usr/bin/git-shell
bandit29-git:x:11529:11529::/home/bandit29-git:/usr/bin/git-shell
bandit30-git:x:11530:11530::/home/bandit30-git:/usr/bin/git-shell
bandit31-git:x:11531:11531::/home/bandit31-git:/usr/bin/git-shell
bandit25@bandit:~$ cat /etc/passwd | grep bandit26
bandit26:x:11026:11026:bandit level 26:/home/bandit26:/usr/bin/showtext
bandit25@bandit:~$ cat /usr/bin/showtext
#!/bin/sh

export TERM=linux

more ~/text.txt
exit 0
bandit25@bandit:~$ echo "DECREASE THE SCREEN SIZE OF THE TERMINAL"
DECREASE THE SCREEN SIZE OF THE TERMINAL
Press v

:set shell=/bin/bash

  1   _                     _ _ _   ___   __                                                                                             
  2  | |                   | (_) | |__ \ / /
~/text.txt[RO] [dec= 95] [hex=5F] [pos=0001:0003][16% of 6]   
                                                                           
:sh

bandit26@bandit:~$ cat /etc/bandit_pass/bandit26 
5czgV9L3Xx8JPOyRbXh6lQbmIOWvPT6Z
bandit26@bandit:~$ 
