Bandit Level 14 â†’ Level 15
Level Goal

The password for the next level can be retrieved by submitting the password of the current level to port 30000 on localhost.
Commands you may need to solve this level

ssh, telnet, nc, openssl, s_client, nmap

bandit14@bandit:~$ cd /etc/bandit_pass/
bandit14@bandit:/etc/bandit_pass$ ls
bandit0   bandit11  bandit14  bandit17  bandit2   bandit22  bandit25  bandit28  bandit30  bandit33  bandit6  bandit9
bandit1   bandit12  bandit15  bandit18  bandit20  bandit23  bandit26  bandit29  bandit31  bandit4   bandit7
bandit10  bandit13  bandit16  bandit19  bandit21  bandit24  bandit27  bandit3   bandit32  bandit5   bandit8
bandit14@bandit:/etc/bandit_pass$ cat bandit1
cat: bandit1: Permission denied
bandit14@bandit:/etc/bandit_pass$ cat bandit14
4wcYUJFw0k0XLShlDzztnTBHiqxU3b3e
bandit14@bandit:/etc/bandit_pass$ echo 4wcYUJFw0k0XLShlDzztnTBHiqxU3b3e | nc localhost 30000
Correct!
BfMYroe26WYalil77FoDi9qh59eK5xNr

bandit14@bandit:/etc/bandit_pass$ 
